// Jest Snapshot v1, https://goo.gl/fbAQLP

exports[`ProjectList rendering and mounting should render correctly 1`] = `
<div>
  <h2>
    Project List
  </h2>
  <div>
    <ConnectFunction
      handleDeleteProject={[Function]}
      key="0"
      project={
        Object {
          "description": "Enim dolore quis tempor sit.",
          "id": 0,
          "name": "First",
          "todos": Array [
            Object {
              "id": 10,
            },
            Object {
              "id": 20,
            },
            Object {
              "id": 30,
            },
          ],
        }
      }
    />
    <ConnectFunction
      handleDeleteProject={[Function]}
      key="1"
      project={
        Object {
          "description": "Cupidatat occaecat anim excepteur dolore eu est ea aute ea commodo ipsum.",
          "id": 1,
          "name": "Second",
        }
      }
    />
    <ConnectFunction
      handleDeleteProject={[Function]}
      key="2"
      project={
        Object {
          "description": "Est qui nulla qui veniam nulla.",
          "id": 2,
          "name": "Third",
        }
      }
    />
  </div>
  <ConnectFunction
    addNewProject={[Function]}
  />
</div>
`;
