// Jest Snapshot v1, https://goo.gl/fbAQLP

exports[`ProjectItem interaction with ProjectsForm it should render with ProjectsForm 1`] = `
<ProjectsForm
  handleChange={[Function]}
  name="First"
  submitProjectForm={[Function]}
/>
`;

exports[`ProjectItem it should render correctly without projectsForm 1`] = `
<div
  onClick={[Function]}
>
  <span
    className="mx-1"
  >
    First
  </span>
  <ProjectItemBtns
    clickUpdateProjectBtn={[Function]}
    handleDeleteProject={[Function]}
    project={
      Object {
        "description": "Enim dolore quis tempor sit.",
        "id": 0,
        "name": "First",
        "todos": Array [
          Object {
            "id": 10,
          },
          Object {
            "id": 20,
          },
          Object {
            "id": 30,
          },
        ],
      }
    }
  />
</div>
`;
