// Jest Snapshot v1, https://goo.gl/fbAQLP

exports[`ProjectList should render correctly 1`] = `
<div>
  <h2>
    Project List
  </h2>
  <div>
    <ConnectFunction
      key="0"
      project={
        Object {
          "description": "Enim dolore quis tempor sit.",
          "id": 0,
          "name": "First",
        }
      }
    />
    <ConnectFunction
      key="1"
      project={
        Object {
          "description": "Cupidatat occaecat anim excepteur dolore eu est ea aute ea commodo ipsum.",
          "id": 1,
          "name": "Second",
        }
      }
    />
    <ConnectFunction
      key="2"
      project={
        Object {
          "description": "Est qui nulla qui veniam nulla.",
          "id": 2,
          "name": "Third",
        }
      }
    />
  </div>
  <ConnectFunction />
</div>
`;
